exports[`test SearchResults snapshot test 1`] = `
<section
  className="results" />
`;
